// Jest Snapshot v1, https://goo.gl/fbAQLP

exports[`<Header /> renders correctly 1`] = `
<div>
  <ul>
    <li>
      <Link
        href="/index"
      >
        <a>
          Home
        </a>
      </Link>
    </li>
    <li>
      <Link
        href="/article"
      >
        <a>
          Article
        </a>
      </Link>
    </li>
  </ul>
</div>
`;
