// Jest Snapshot v1, https://goo.gl/fbAQLP

exports[`<Header /> renders correctly 1`] = `
ShallowWrapper {
  Symbol(enzyme.__root__): [Circular],
  Symbol(enzyme.__unrendered__): <Header />,
  Symbol(enzyme.__renderer__): Object {
    "batchedUpdates": [Function],
    "checkPropTypes": [Function],
    "getNode": [Function],
    "render": [Function],
    "simulateError": [Function],
    "simulateEvent": [Function],
    "unmount": [Function],
  },
  Symbol(enzyme.__node__): Object {
    "instance": null,
    "key": undefined,
    "nodeType": "host",
    "props": Object {
      "children": <div
        className="c-header__content"
      >
        <h1
          className="c-header__title"
        >
          TBlog Stories
        </h1>
        <div
          className="c-header_subtitle"
        >
          <div
            className="c-header__description"
          >
            A place to read about web development code stories. Courtesy of 
            <a
              href="#"
            >
              Tony Njoku.
            </a>
            <Navbar
              mutation={undefined}
            />
          </div>
        </div>
      </div>,
      "className": "c-header",
    },
    "ref": null,
    "rendered": Object {
      "instance": null,
      "key": undefined,
      "nodeType": "host",
      "props": Object {
        "children": Array [
          <h1
            className="c-header__title"
          >
            TBlog Stories
          </h1>,
          <div
            className="c-header_subtitle"
          >
            <div
              className="c-header__description"
            >
              A place to read about web development code stories. Courtesy of 
              <a
                href="#"
              >
                Tony Njoku.
              </a>
              <Navbar
                mutation={undefined}
              />
            </div>
          </div>,
        ],
        "className": "c-header__content",
      },
      "ref": null,
      "rendered": Array [
        Object {
          "instance": null,
          "key": undefined,
          "nodeType": "host",
          "props": Object {
            "children": "TBlog Stories",
            "className": "c-header__title",
          },
          "ref": null,
          "rendered": "TBlog Stories",
          "type": "h1",
        },
        Object {
          "instance": null,
          "key": undefined,
          "nodeType": "host",
          "props": Object {
            "children": <div
              className="c-header__description"
            >
              A place to read about web development code stories. Courtesy of 
              <a
                href="#"
              >
                Tony Njoku.
              </a>
              <Navbar
                mutation={undefined}
              />
            </div>,
            "className": "c-header_subtitle",
          },
          "ref": null,
          "rendered": Object {
            "instance": null,
            "key": undefined,
            "nodeType": "host",
            "props": Object {
              "children": Array [
                "A place to read about web development code stories. Courtesy of ",
                <a
                  href="#"
                >
                  Tony Njoku.
                </a>,
                <Navbar
                  mutation={undefined}
                />,
              ],
              "className": "c-header__description",
            },
            "ref": null,
            "rendered": Array [
              "A place to read about web development code stories. Courtesy of ",
              Object {
                "instance": null,
                "key": undefined,
                "nodeType": "host",
                "props": Object {
                  "children": "Tony Njoku.",
                  "href": "#",
                },
                "ref": null,
                "rendered": "Tony Njoku.",
                "type": "a",
              },
              Object {
                "instance": null,
                "key": undefined,
                "nodeType": "class",
                "props": Object {
                  "mutation": undefined,
                },
                "ref": null,
                "rendered": null,
                "type": [Function],
              },
            ],
            "type": "div",
          },
          "type": "div",
        },
      ],
      "type": "div",
    },
    "type": "header",
  },
  Symbol(enzyme.__nodes__): Array [
    Object {
      "instance": null,
      "key": undefined,
      "nodeType": "host",
      "props": Object {
        "children": <div
          className="c-header__content"
        >
          <h1
            className="c-header__title"
          >
            TBlog Stories
          </h1>
          <div
            className="c-header_subtitle"
          >
            <div
              className="c-header__description"
            >
              A place to read about web development code stories. Courtesy of 
              <a
                href="#"
              >
                Tony Njoku.
              </a>
              <Navbar
                mutation={undefined}
              />
            </div>
          </div>
        </div>,
        "className": "c-header",
      },
      "ref": null,
      "rendered": Object {
        "instance": null,
        "key": undefined,
        "nodeType": "host",
        "props": Object {
          "children": Array [
            <h1
              className="c-header__title"
            >
              TBlog Stories
            </h1>,
            <div
              className="c-header_subtitle"
            >
              <div
                className="c-header__description"
              >
                A place to read about web development code stories. Courtesy of 
                <a
                  href="#"
                >
                  Tony Njoku.
                </a>
                <Navbar
                  mutation={undefined}
                />
              </div>
            </div>,
          ],
          "className": "c-header__content",
        },
        "ref": null,
        "rendered": Array [
          Object {
            "instance": null,
            "key": undefined,
            "nodeType": "host",
            "props": Object {
              "children": "TBlog Stories",
              "className": "c-header__title",
            },
            "ref": null,
            "rendered": "TBlog Stories",
            "type": "h1",
          },
          Object {
            "instance": null,
            "key": undefined,
            "nodeType": "host",
            "props": Object {
              "children": <div
                className="c-header__description"
              >
                A place to read about web development code stories. Courtesy of 
                <a
                  href="#"
                >
                  Tony Njoku.
                </a>
                <Navbar
                  mutation={undefined}
                />
              </div>,
              "className": "c-header_subtitle",
            },
            "ref": null,
            "rendered": Object {
              "instance": null,
              "key": undefined,
              "nodeType": "host",
              "props": Object {
                "children": Array [
                  "A place to read about web development code stories. Courtesy of ",
                  <a
                    href="#"
                  >
                    Tony Njoku.
                  </a>,
                  <Navbar
                    mutation={undefined}
                  />,
                ],
                "className": "c-header__description",
              },
              "ref": null,
              "rendered": Array [
                "A place to read about web development code stories. Courtesy of ",
                Object {
                  "instance": null,
                  "key": undefined,
                  "nodeType": "host",
                  "props": Object {
                    "children": "Tony Njoku.",
                    "href": "#",
                  },
                  "ref": null,
                  "rendered": "Tony Njoku.",
                  "type": "a",
                },
                Object {
                  "instance": null,
                  "key": undefined,
                  "nodeType": "class",
                  "props": Object {
                    "mutation": undefined,
                  },
                  "ref": null,
                  "rendered": null,
                  "type": [Function],
                },
              ],
              "type": "div",
            },
            "type": "div",
          },
        ],
        "type": "div",
      },
      "type": "header",
    },
  ],
  Symbol(enzyme.__options__): Object {
    "adapter": ReactSixteenAdapter {
      "options": Object {
        "enableComponentDidUpdateOnSetState": true,
        "legacyContextMode": "parent",
        "lifecycles": Object {
          "componentDidUpdate": Object {
            "onSetState": true,
          },
          "getChildContext": Object {
            "calledByRenderer": false,
          },
          "getDerivedStateFromProps": true,
          "getSnapshotBeforeUpdate": true,
          "setState": Object {
            "skipsComponentDidUpdateOnNullish": true,
          },
        },
      },
    },
  },
}
`;
